[NX v20.8.4 Daemon Server] - 2026-03-27T21:52:01.159Z - Started listening on: \\.\pipe\nx\C:\Users\markt\AppData\Local\Temp\f9b3ad827f3dcddad15b\d.sock
[NX v20.8.4 Daemon Server] - 2026-03-27T21:52:01.165Z - [WATCHER]: Subscribed to changes within: C:\Users\markt\projects\budget-tools\expense-creator (native)
[NX v20.8.4 Daemon Server] - 2026-03-27T21:52:01.170Z - Established a connection. Number of open connections: 1
[NX v20.8.4 Daemon Server] - 2026-03-27T21:52:01.171Z - Established a connection. Number of open connections: 2
[NX v20.8.4 Daemon Server] - 2026-03-27T21:52:01.173Z - Closed a connection. Number of open connections: 1
[NX v20.8.4 Daemon Server] - 2026-03-27T21:52:01.175Z - [REQUEST]: Responding to the client. Shutdown initiated
[NX v20.8.4 Daemon Server] - 2026-03-27T21:52:01.176Z - Done responding to the client Shutdown initiated
[NX v20.8.4 Daemon Server] - 2026-03-27T21:52:01.176Z - Handled FORCE_SHUTDOWN. Handling time: 0. Response time: 2.
[NX v20.8.4 Daemon Server] - 2026-03-27T21:52:01.177Z - Closed a connection. Number of open connections: 0
[NX v20.8.4 Daemon Server] - 2026-03-27T21:52:01.177Z - [WATCHER]: Stopping the watcher for C:\Users\markt\projects\budget-tools\expense-creator (sources)
[NX v20.8.4 Daemon Server] - 2026-03-27T21:52:01.178Z - [WATCHER]: Stopping the watcher for C:\Users\markt\projects\budget-tools\expense-creator (outputs)
[NX v20.8.4 Daemon Server] - 2026-03-27T21:52:01.178Z - Server stopped because: "Request to shutdown"

> NX runtime error err=cannot send event from fs watcher: sending into a closed channel

[NX v20.8.4 Daemon Server] - 2026-03-27T21:57:45.312Z - Started listening on: \\.\pipe\nx\C:\Users\markt\AppData\Local\Temp\f9b3ad827f3dcddad15b\d.sock
[NX v20.8.4 Daemon Server] - 2026-03-27T21:57:45.341Z - [WATCHER]: Subscribed to changes within: C:\Users\markt\projects\budget-tools\expense-creator (native)
[NX v20.8.4 Daemon Server] - 2026-03-27T21:57:45.345Z - Established a connection. Number of open connections: 1
[NX v20.8.4 Daemon Server] - 2026-03-27T21:57:45.346Z - Established a connection. Number of open connections: 2
[NX v20.8.4 Daemon Server] - 2026-03-27T21:57:45.349Z - Closed a connection. Number of open connections: 1
[NX v20.8.4 Daemon Server] - 2026-03-27T21:57:45.352Z - [REQUEST]: Client Request for Project Graph Received
[NX v20.8.4 Daemon Server] - 2026-03-27T21:57:45.410Z - Time taken for 'loadSpecifiedNxPlugins' 3.3363999999999123ms
[NX v20.8.4 Daemon Server] - 2026-03-27T21:57:45.754Z - Time taken for 'Load Nx Plugin: C:\Users\markt\projects\budget-tools\expense-creator\node_modules\nx\src\plugins\project-json\build-nodes\project-json' 397.0775ms
[NX v20.8.4 Daemon Server] - 2026-03-27T21:57:45.767Z - Time taken for 'Load Nx Plugin: C:\Users\markt\projects\budget-tools\expense-creator\node_modules\nx\src\plugins\package-json' 411.5103999999999ms
[NX v20.8.4 Daemon Server] - 2026-03-27T21:57:45.802Z - [REQUEST]: Updated workspace context based on watched changes, recomputing project graph...
[NX v20.8.4 Daemon Server] - 2026-03-27T21:57:45.803Z - [REQUEST]: 
[NX v20.8.4 Daemon Server] - 2026-03-27T21:57:45.803Z - [REQUEST]: 
[NX v20.8.4 Daemon Server] - 2026-03-27T21:57:45.809Z - Time taken for 'loadDefaultNxPlugins' 447.08029999999997ms
[NX v20.8.4 Daemon Server] - 2026-03-27T21:57:45.854Z - Time taken for 'build-project-configs' 29.288300000000163ms
[NX v20.8.4 Daemon Server] - 2026-03-27T21:57:45.961Z - [SYNC]: collect registered sync generators
[NX v20.8.4 Daemon Server] - 2026-03-27T21:57:45.962Z - [REQUEST]: Responding to the client. project-graph
[NX v20.8.4 Daemon Server] - 2026-03-27T21:57:45.963Z - Time taken for 'total for creating and serializing project graph' 610.4692ms
[NX v20.8.4 Daemon Server] - 2026-03-27T21:57:45.964Z - Done responding to the client project-graph
[NX v20.8.4 Daemon Server] - 2026-03-27T21:57:45.964Z - Handled REQUEST_PROJECT_GRAPH. Handling time: 610. Response time: 2.
[NX v20.8.4 Daemon Server] - 2026-03-27T21:57:45.976Z - [REQUEST]: Responding to the client. handleRunPreTasksExecution
[NX v20.8.4 Daemon Server] - 2026-03-27T21:57:45.977Z - Time taken for 'preTasksExecution' 0.8447999999998501ms
[NX v20.8.4 Daemon Server] - 2026-03-27T21:57:45.977Z - Done responding to the client handleRunPreTasksExecution
[NX v20.8.4 Daemon Server] - 2026-03-27T21:57:45.977Z - Handled PRE_TASKS_EXECUTION. Handling time: 1. Response time: 1.
[NX v20.8.4 Daemon Server] - 2026-03-27T21:57:46.547Z - [REQUEST]: Responding to the client. handleHashTasks
[NX v20.8.4 Daemon Server] - 2026-03-27T21:57:46.548Z - Done responding to the client handleHashTasks
[NX v20.8.4 Daemon Server] - 2026-03-27T21:57:46.548Z - Handled HASH_TASKS. Handling time: 42. Response time: 1.
[NX v20.8.4 Daemon Server] - 2026-03-27T21:57:47.332Z - [REQUEST]: Responding to the client. handleGetEstimatedTaskTimings
[NX v20.8.4 Daemon Server] - 2026-03-27T21:57:47.333Z - Done responding to the client handleGetEstimatedTaskTimings
[NX v20.8.4 Daemon Server] - 2026-03-27T21:57:47.333Z - Handled GET_ESTIMATED_TASK_TIMINGS. Handling time: 23. Response time: 1.
[NX v20.8.4 Daemon Server] - 2026-03-27T22:06:08.411Z - Closed a connection. Number of open connections: 0
[NX v20.8.4 Daemon Server] - 2026-03-27T22:06:23.529Z - [WATCHER]: Processing file changes in outputs
[NX v20.8.4 Daemon Server] - 2026-03-27T22:06:23.530Z - [WATCHER]: src/app/components/ItemType.tsx was modified
[NX v20.8.4 Daemon Server] - 2026-03-27T22:06:23.643Z - [REQUEST]: Updated workspace context based on watched changes, recomputing project graph...
[NX v20.8.4 Daemon Server] - 2026-03-27T22:06:23.643Z - [REQUEST]: src/app/components/ItemType.tsx
[NX v20.8.4 Daemon Server] - 2026-03-27T22:06:23.643Z - [REQUEST]: 
[NX v20.8.4 Daemon Server] - 2026-03-27T22:06:23.647Z - Time taken for 'hash changed files from watcher' 0.26329999999143183ms
[NX v20.8.4 Daemon Server] - 2026-03-27T22:06:23.667Z - Time taken for 'build-project-configs' 17.206100000010338ms
[NX v20.8.4 Daemon Server] - 2026-03-27T22:06:23.706Z - [SYNC]: collect registered sync generators
[NX v20.8.4 Daemon Server] - 2026-03-27T22:06:23.707Z - [SYNC]: project graph hash is the same, not collecting task sync generators
[NX v20.8.4 Daemon Server] - 2026-03-27T22:06:23.707Z - [SYNC]: nx.json hash is the same, not collecting global sync generators
[NX v20.8.4 Daemon Server] - 2026-03-27T22:06:23.707Z - Time taken for 'total execution time for createProjectGraph()' 29.339600000006612ms
[NX v20.8.4 Daemon Server] - 2026-03-27T22:06:24.768Z - [WATCHER]: src/app/slices/data.slice.ts was modified
[NX v20.8.4 Daemon Server] - 2026-03-27T22:06:24.768Z - [WATCHER]: Processing file changes in outputs
[NX v20.8.4 Daemon Server] - 2026-03-27T22:06:24.909Z - [WATCHER]: Processing file changes in outputs
[NX v20.8.4 Daemon Server] - 2026-03-27T22:06:24.914Z - [WATCHER]: src/app/components/Upload.tsx was modified
[NX v20.8.4 Daemon Server] - 2026-03-27T22:06:24.976Z - [REQUEST]: Updated workspace context based on watched changes, recomputing project graph...
[NX v20.8.4 Daemon Server] - 2026-03-27T22:06:24.977Z - [REQUEST]: src/app/slices/data.slice.ts,src/app/components/Upload.tsx
[NX v20.8.4 Daemon Server] - 2026-03-27T22:06:24.978Z - [REQUEST]: 
[NX v20.8.4 Daemon Server] - 2026-03-27T22:06:24.983Z - Time taken for 'hash changed files from watcher' 4.161000000021886ms
[NX v20.8.4 Daemon Server] - 2026-03-27T22:06:25.025Z - Time taken for 'build-project-configs' 34.67399999999907ms
[NX v20.8.4 Daemon Server] - 2026-03-27T22:06:25.092Z - [SYNC]: collect registered sync generators
[NX v20.8.4 Daemon Server] - 2026-03-27T22:06:25.094Z - [SYNC]: project graph hash is the same, not collecting task sync generators
[NX v20.8.4 Daemon Server] - 2026-03-27T22:06:25.095Z - [SYNC]: nx.json hash is the same, not collecting global sync generators
[NX v20.8.4 Daemon Server] - 2026-03-27T22:06:25.095Z - Time taken for 'total execution time for createProjectGraph()' 56.12550000002375ms
[NX v20.8.4 Daemon Server] - 2026-03-27T22:07:04.998Z - [WATCHER]: .gitignore was modified
[NX v20.8.4 Daemon Server] - 2026-03-27T22:07:04.998Z - [WATCHER]: Processing file changes in outputs
[NX v20.8.4 Daemon Server] - 2026-03-27T22:07:04.999Z - [WATCHER]: Stopping the watcher for C:\Users\markt\projects\budget-tools\expense-creator (sources)
[NX v20.8.4 Daemon Server] - 2026-03-27T22:07:04.999Z - [WATCHER]: Stopping the watcher for C:\Users\markt\projects\budget-tools\expense-creator (outputs)
[NX v20.8.4 Daemon Server] - 2026-03-27T22:07:05.002Z - Server stopped because: "Stopping the daemon the set of ignored files changed (native)"
[NX v20.8.4 Daemon Server] - 2026-07-17T19:28:01.517Z - Started listening on: \\.\pipe\nx\C:\Users\markt\AppData\Local\Temp\f9b3ad827f3dcddad15b\d.sock
[NX v20.8.4 Daemon Server] - 2026-07-17T19:28:01.551Z - [WATCHER]: Subscribed to changes within: c:\Users\markt\projects\budget-tools\expense-creator (native)
[NX v20.8.4 Daemon Server] - 2026-07-17T19:28:01.555Z - Established a connection. Number of open connections: 1
[NX v20.8.4 Daemon Server] - 2026-07-17T19:28:01.560Z - Closed a connection. Number of open connections: 0
[NX v20.8.4 Daemon Server] - 2026-07-17T19:28:01.749Z - Time taken for 'loadSpecifiedNxPlugins' 32.292099999999664ms
[NX v20.8.4 Daemon Server] - 2026-07-17T19:28:02.088Z - Established a connection. Number of open connections: 1
[NX v20.8.4 Daemon Server] - 2026-07-17T19:28:02.088Z - Closed a connection. Number of open connections: 0
[NX v20.8.4 Daemon Server] - 2026-07-17T19:28:02.089Z - Established a connection. Number of open connections: 1
[NX v20.8.4 Daemon Server] - 2026-07-17T19:28:02.093Z - [REQUEST]: Client Request for Project Graph Received
[NX v20.8.4 Daemon Server] - 2026-07-17T19:28:02.511Z - Time taken for 'Load Nx Plugin: c:\Users\markt\projects\budget-tools\expense-creator\node_modules\nx\src\plugins\package-json' 825.2894999999999ms
[NX v20.8.4 Daemon Server] - 2026-07-17T19:28:02.523Z - Time taken for 'Load Nx Plugin: c:\Users\markt\projects\budget-tools\expense-creator\node_modules\nx\src\plugins\project-json\build-nodes\project-json' 836.0769ms
[NX v20.8.4 Daemon Server] - 2026-07-17T19:28:03.297Z - [REQUEST]: Updated workspace context based on watched changes, recomputing project graph...
[NX v20.8.4 Daemon Server] - 2026-07-17T19:28:03.297Z - [REQUEST]: 
[NX v20.8.4 Daemon Server] - 2026-07-17T19:28:03.297Z - [REQUEST]: 
[NX v20.8.4 Daemon Server] - 2026-07-17T19:28:03.323Z - Time taken for 'loadDefaultNxPlugins' 1639.6508000000003ms
[NX v20.8.4 Daemon Server] - 2026-07-17T19:28:03.418Z - Time taken for 'build-project-configs' 58.56530000000021ms
[NX v20.8.4 Daemon Server] - 2026-07-17T19:28:04.020Z - [SYNC]: collect registered sync generators
[NX v20.8.4 Daemon Server] - 2026-07-17T19:28:04.027Z - [REQUEST]: Responding to the client. project-graph
[NX v20.8.4 Daemon Server] - 2026-07-17T19:28:04.029Z - Time taken for 'total for creating and serializing project graph' 1934.8191999999995ms
[NX v20.8.4 Daemon Server] - 2026-07-17T19:28:04.030Z - Done responding to the client project-graph
[NX v20.8.4 Daemon Server] - 2026-07-17T19:28:04.030Z - Handled REQUEST_PROJECT_GRAPH. Handling time: 1935. Response time: 3.
[NX v20.8.4 Daemon Server] - 2026-07-17T19:28:04.037Z - [REQUEST]: Responding to the client. handleContextFileData
[NX v20.8.4 Daemon Server] - 2026-07-17T19:28:04.038Z - Done responding to the client handleContextFileData
[NX v20.8.4 Daemon Server] - 2026-07-17T19:28:04.038Z - Handled GET_CONTEXT_FILE_DATA. Handling time: 0. Response time: 1.
[NX v20.8.4 Daemon Server] - 2026-07-17T22:28:04.049Z - Closed a connection. Number of open connections: 0
[NX v20.8.4 Daemon Server] - 2026-07-17T22:28:04.050Z - [WATCHER]: Stopping the watcher for c:\Users\markt\projects\budget-tools\expense-creator (sources)
[NX v20.8.4 Daemon Server] - 2026-07-17T22:28:04.051Z - [WATCHER]: Stopping the watcher for c:\Users\markt\projects\budget-tools\expense-creator (outputs)
[NX v20.8.4 Daemon Server] - 2026-07-17T22:28:04.054Z - Server stopped because: "10800000ms of inactivity"

> NX runtime error err=cannot send event from fs watcher: sending into a closed channel


> NX runtime error err=cannot send event from fs watcher: sending into a closed channel

[NX v20.8.4 Daemon Server] - 2026-07-18T14:50:19.244Z - Started listening on: \\.\pipe\nx\C:\Users\markt\AppData\Local\Temp\f9b3ad827f3dcddad15b\d.sock
[NX v20.8.4 Daemon Server] - 2026-07-18T14:50:19.275Z - [WATCHER]: Subscribed to changes within: c:\Users\markt\projects\budget-tools\expense-creator (native)
[NX v20.8.4 Daemon Server] - 2026-07-18T14:50:19.278Z - Established a connection. Number of open connections: 1
[NX v20.8.4 Daemon Server] - 2026-07-18T14:50:19.281Z - Closed a connection. Number of open connections: 0
[NX v20.8.4 Daemon Server] - 2026-07-18T14:50:19.295Z - Established a connection. Number of open connections: 1
[NX v20.8.4 Daemon Server] - 2026-07-18T14:50:19.295Z - Closed a connection. Number of open connections: 0
[NX v20.8.4 Daemon Server] - 2026-07-18T14:50:19.296Z - Established a connection. Number of open connections: 1
[NX v20.8.4 Daemon Server] - 2026-07-18T14:50:19.299Z - [REQUEST]: Client Request for Project Graph Received
[NX v20.8.4 Daemon Server] - 2026-07-18T14:50:19.349Z - Time taken for 'loadSpecifiedNxPlugins' 1.735400000000027ms
[NX v20.8.4 Daemon Server] - 2026-07-18T14:50:19.785Z - Time taken for 'Load Nx Plugin: c:\Users\markt\projects\budget-tools\expense-creator\node_modules\nx\src\plugins\project-json\build-nodes\project-json' 483.06680000000006ms
[NX v20.8.4 Daemon Server] - 2026-07-18T14:50:19.800Z - Time taken for 'Load Nx Plugin: c:\Users\markt\projects\budget-tools\expense-creator\node_modules\nx\src\plugins\package-json' 498.5987ms
[NX v20.8.4 Daemon Server] - 2026-07-18T14:50:20.370Z - [REQUEST]: Updated workspace context based on watched changes, recomputing project graph...
[NX v20.8.4 Daemon Server] - 2026-07-18T14:50:20.370Z - [REQUEST]: 
[NX v20.8.4 Daemon Server] - 2026-07-18T14:50:20.370Z - [REQUEST]: 
[NX v20.8.4 Daemon Server] - 2026-07-18T14:50:20.377Z - Time taken for 'loadDefaultNxPlugins' 1068.802ms
[NX v20.8.4 Daemon Server] - 2026-07-18T14:50:20.445Z - Time taken for 'build-project-configs' 38.44649999999956ms
[NX v20.8.4 Daemon Server] - 2026-07-18T14:50:20.483Z - [SYNC]: collect registered sync generators
[NX v20.8.4 Daemon Server] - 2026-07-18T14:50:20.484Z - [REQUEST]: Responding to the client. project-graph
[NX v20.8.4 Daemon Server] - 2026-07-18T14:50:20.485Z - Time taken for 'total for creating and serializing project graph' 1184.8483ms
[NX v20.8.4 Daemon Server] - 2026-07-18T14:50:20.486Z - Done responding to the client project-graph
[NX v20.8.4 Daemon Server] - 2026-07-18T14:50:20.486Z - Handled REQUEST_PROJECT_GRAPH. Handling time: 1185. Response time: 2.
[NX v20.8.4 Daemon Server] - 2026-07-18T14:50:20.492Z - [REQUEST]: Responding to the client. handleContextFileData
[NX v20.8.4 Daemon Server] - 2026-07-18T14:50:20.493Z - Done responding to the client handleContextFileData
[NX v20.8.4 Daemon Server] - 2026-07-18T14:50:20.493Z - Handled GET_CONTEXT_FILE_DATA. Handling time: 0. Response time: 1.
[NX v20.8.4 Daemon Server] - 2026-07-18T14:58:38.770Z - [WATCHER]: 1 file(s) created or restored, 0 file(s) modified, 1 file(s) deleted
[NX v20.8.4 Daemon Server] - 2026-07-18T14:58:38.771Z - [WATCHER]: Processing file changes in outputs
[NX v20.8.4 Daemon Server] - 2026-07-18T14:58:38.876Z - [REQUEST]: Updated workspace context based on watched changes, recomputing project graph...
[NX v20.8.4 Daemon Server] - 2026-07-18T14:58:38.876Z - [REQUEST]: src/app/slices/data.slice.ts
[NX v20.8.4 Daemon Server] - 2026-07-18T14:58:38.876Z - [REQUEST]: src/app/slices/data.slice.ts.tmp.19056.1907fad5e295
[NX v20.8.4 Daemon Server] - 2026-07-18T14:58:38.879Z - Time taken for 'hash changed files from watcher' 0.2672000000020489ms
[NX v20.8.4 Daemon Server] - 2026-07-18T14:58:38.904Z - Time taken for 'build-project-configs' 20.835200000030454ms
[NX v20.8.4 Daemon Server] - 2026-07-18T14:58:38.957Z - [SYNC]: collect registered sync generators
[NX v20.8.4 Daemon Server] - 2026-07-18T14:58:38.958Z - [SYNC]: project graph hash is the same, not collecting task sync generators
[NX v20.8.4 Daemon Server] - 2026-07-18T14:58:38.958Z - [SYNC]: nx.json hash is the same, not collecting global sync generators
[NX v20.8.4 Daemon Server] - 2026-07-18T14:58:38.958Z - Time taken for 'total execution time for createProjectGraph()' 42.602100000018254ms
[NX v20.8.4 Daemon Server] - 2026-07-18T14:58:42.377Z - [WATCHER]: Processing file changes in outputs
[NX v20.8.4 Daemon Server] - 2026-07-18T14:58:42.379Z - [WATCHER]: 1 file(s) created or restored, 0 file(s) modified, 1 file(s) deleted
[NX v20.8.4 Daemon Server] - 2026-07-18T14:58:42.486Z - [REQUEST]: Updated workspace context based on watched changes, recomputing project graph...
[NX v20.8.4 Daemon Server] - 2026-07-18T14:58:42.486Z - [REQUEST]: src/app/slices/data.slice.ts
[NX v20.8.4 Daemon Server] - 2026-07-18T14:58:42.486Z - [REQUEST]: src/app/slices/data.slice.ts.tmp.19056.c7caa7535630
[NX v20.8.4 Daemon Server] - 2026-07-18T14:58:42.491Z - Time taken for 'hash changed files from watcher' 0.2836000000243075ms
[NX v20.8.4 Daemon Server] - 2026-07-18T14:58:42.530Z - Time taken for 'build-project-configs' 33.084399999992456ms
[NX v20.8.4 Daemon Server] - 2026-07-18T14:58:42.605Z - [SYNC]: collect registered sync generators
[NX v20.8.4 Daemon Server] - 2026-07-18T14:58:42.607Z - [SYNC]: project graph hash is the same, not collecting task sync generators
[NX v20.8.4 Daemon Server] - 2026-07-18T14:58:42.607Z - [SYNC]: nx.json hash is the same, not collecting global sync generators
[NX v20.8.4 Daemon Server] - 2026-07-18T14:58:42.607Z - Time taken for 'total execution time for createProjectGraph()' 46.60600000002887ms
[NX v20.8.4 Daemon Server] - 2026-07-18T14:58:47.296Z - [WATCHER]: Processing file changes in outputs
[NX v20.8.4 Daemon Server] - 2026-07-18T14:58:47.299Z - [WATCHER]: 1 file(s) created or restored, 0 file(s) modified, 1 file(s) deleted
[NX v20.8.4 Daemon Server] - 2026-07-18T14:58:47.405Z - [REQUEST]: Updated workspace context based on watched changes, recomputing project graph...
[NX v20.8.4 Daemon Server] - 2026-07-18T14:58:47.405Z - [REQUEST]: src/app/components/FileList.tsx
[NX v20.8.4 Daemon Server] - 2026-07-18T14:58:47.405Z - [REQUEST]: src/app/components/FileList.tsx.tmp.19056.3d26d7667a23
[NX v20.8.4 Daemon Server] - 2026-07-18T14:58:47.409Z - Time taken for 'hash changed files from watcher' 1.0297000000136904ms
[NX v20.8.4 Daemon Server] - 2026-07-18T14:58:47.459Z - Time taken for 'build-project-configs' 41.08399999997346ms
[NX v20.8.4 Daemon Server] - 2026-07-18T14:58:47.555Z - [SYNC]: collect registered sync generators
[NX v20.8.4 Daemon Server] - 2026-07-18T14:58:47.557Z - [SYNC]: project graph hash is the same, not collecting task sync generators
[NX v20.8.4 Daemon Server] - 2026-07-18T14:58:47.557Z - [SYNC]: nx.json hash is the same, not collecting global sync generators
[NX v20.8.4 Daemon Server] - 2026-07-18T14:58:47.558Z - Time taken for 'total execution time for createProjectGraph()' 66.99589999997988ms
[NX v20.8.4 Daemon Server] - 2026-07-18T14:58:56.874Z - [WATCHER]: Processing file changes in outputs
[NX v20.8.4 Daemon Server] - 2026-07-18T14:58:56.878Z - [WATCHER]: 1 file(s) created or restored, 0 file(s) modified, 1 file(s) deleted
[NX v20.8.4 Daemon Server] - 2026-07-18T14:58:56.985Z - [REQUEST]: Updated workspace context based on watched changes, recomputing project graph...
[NX v20.8.4 Daemon Server] - 2026-07-18T14:58:56.985Z - [REQUEST]: src/app/components/Upload.tsx
[NX v20.8.4 Daemon Server] - 2026-07-18T14:58:56.985Z - [REQUEST]: src/app/components/Upload.tsx.tmp.19056.86e40a5d37a5
[NX v20.8.4 Daemon Server] - 2026-07-18T14:58:56.993Z - Time taken for 'hash changed files from watcher' 0.6032000000122935ms
[NX v20.8.4 Daemon Server] - 2026-07-18T14:58:57.028Z - Time taken for 'build-project-configs' 30.81329999997979ms
[NX v20.8.4 Daemon Server] - 2026-07-18T14:58:57.089Z - [SYNC]: collect registered sync generators
[NX v20.8.4 Daemon Server] - 2026-07-18T14:58:57.090Z - [SYNC]: project graph hash is the same, not collecting task sync generators
[NX v20.8.4 Daemon Server] - 2026-07-18T14:58:57.090Z - [SYNC]: nx.json hash is the same, not collecting global sync generators
[NX v20.8.4 Daemon Server] - 2026-07-18T14:58:57.090Z - Time taken for 'total execution time for createProjectGraph()' 45.11280000000261ms
[NX v20.8.4 Daemon Server] - 2026-07-18T14:59:00.653Z - [WATCHER]: Processing file changes in outputs
[NX v20.8.4 Daemon Server] - 2026-07-18T14:59:00.656Z - [WATCHER]: 1 file(s) created or restored, 0 file(s) modified, 1 file(s) deleted
[NX v20.8.4 Daemon Server] - 2026-07-18T14:59:00.763Z - [REQUEST]: Updated workspace context based on watched changes, recomputing project graph...
[NX v20.8.4 Daemon Server] - 2026-07-18T14:59:00.763Z - [REQUEST]: src/app/components/Upload.tsx
[NX v20.8.4 Daemon Server] - 2026-07-18T14:59:00.763Z - [REQUEST]: src/app/components/Upload.tsx.tmp.19056.087280089bd0
[NX v20.8.4 Daemon Server] - 2026-07-18T14:59:00.770Z - Time taken for 'hash changed files from watcher' 0.5652000000118278ms
[NX v20.8.4 Daemon Server] - 2026-07-18T14:59:00.815Z - Time taken for 'build-project-configs' 40.29849999997532ms
[NX v20.8.4 Daemon Server] - 2026-07-18T14:59:00.885Z - [SYNC]: collect registered sync generators
[NX v20.8.4 Daemon Server] - 2026-07-18T14:59:00.886Z - [SYNC]: project graph hash is the same, not collecting task sync generators
[NX v20.8.4 Daemon Server] - 2026-07-18T14:59:00.886Z - [SYNC]: nx.json hash is the same, not collecting global sync generators
[NX v20.8.4 Daemon Server] - 2026-07-18T14:59:00.886Z - Time taken for 'total execution time for createProjectGraph()' 53.62969999999041ms
[NX v20.8.4 Daemon Server] - 2026-07-18T14:59:11.668Z - Established a connection. Number of open connections: 2
[NX v20.8.4 Daemon Server] - 2026-07-18T14:59:11.668Z - Closed a connection. Number of open connections: 1
[NX v20.8.4 Daemon Server] - 2026-07-18T14:59:11.669Z - [REQUEST]: Client Request for Project Graph Received
[NX v20.8.4 Daemon Server] - 2026-07-18T14:59:11.670Z - [REQUEST]: Responding to the client. project-graph
[NX v20.8.4 Daemon Server] - 2026-07-18T14:59:11.671Z - Time taken for 'total for creating and serializing project graph' 0.4723000000230968ms
[NX v20.8.4 Daemon Server] - 2026-07-18T14:59:11.672Z - Done responding to the client project-graph
[NX v20.8.4 Daemon Server] - 2026-07-18T14:59:11.672Z - Handled REQUEST_PROJECT_GRAPH. Handling time: 1. Response time: 2.
[NX v20.8.4 Daemon Server] - 2026-07-18T14:59:11.677Z - [REQUEST]: Responding to the client. handleContextFileData
[NX v20.8.4 Daemon Server] - 2026-07-18T14:59:11.677Z - Done responding to the client handleContextFileData
[NX v20.8.4 Daemon Server] - 2026-07-18T14:59:11.677Z - Handled GET_CONTEXT_FILE_DATA. Handling time: 0. Response time: 0.
[NX v20.8.4 Daemon Server] - 2026-07-18T14:59:19.839Z - [WATCHER]: 1 file(s) created or restored, 0 file(s) modified, 1 file(s) deleted
[NX v20.8.4 Daemon Server] - 2026-07-18T14:59:19.840Z - [WATCHER]: Processing file changes in outputs
[NX v20.8.4 Daemon Server] - 2026-07-18T14:59:19.945Z - [REQUEST]: Updated workspace context based on watched changes, recomputing project graph...
[NX v20.8.4 Daemon Server] - 2026-07-18T14:59:19.945Z - [REQUEST]: src/app/components/Upload.tsx
[NX v20.8.4 Daemon Server] - 2026-07-18T14:59:19.946Z - [REQUEST]: src/app/components/Upload.tsx.tmp.19056.19ee12fb9d95
[NX v20.8.4 Daemon Server] - 2026-07-18T14:59:19.951Z - Time taken for 'hash changed files from watcher' 0.4483000000473112ms
[NX v20.8.4 Daemon Server] - 2026-07-18T14:59:19.993Z - Time taken for 'build-project-configs' 35.4144999999553ms
[NX v20.8.4 Daemon Server] - 2026-07-18T14:59:20.088Z - [SYNC]: collect registered sync generators
[NX v20.8.4 Daemon Server] - 2026-07-18T14:59:20.090Z - [SYNC]: project graph hash is the same, not collecting task sync generators
[NX v20.8.4 Daemon Server] - 2026-07-18T14:59:20.090Z - [SYNC]: nx.json hash is the same, not collecting global sync generators
[NX v20.8.4 Daemon Server] - 2026-07-18T14:59:20.091Z - Time taken for 'total execution time for createProjectGraph()' 68.82330000004731ms
[NX v20.8.4 Daemon Server] - 2026-07-18T14:59:30.867Z - Established a connection. Number of open connections: 2
[NX v20.8.4 Daemon Server] - 2026-07-18T14:59:30.868Z - Closed a connection. Number of open connections: 1
[NX v20.8.4 Daemon Server] - 2026-07-18T14:59:30.870Z - [REQUEST]: Client Request for Project Graph Received
[NX v20.8.4 Daemon Server] - 2026-07-18T14:59:30.872Z - [REQUEST]: Responding to the client. project-graph
[NX v20.8.4 Daemon Server] - 2026-07-18T14:59:30.874Z - Time taken for 'total for creating and serializing project graph' 2.05039999994915ms
[NX v20.8.4 Daemon Server] - 2026-07-18T14:59:30.874Z - Done responding to the client project-graph
[NX v20.8.4 Daemon Server] - 2026-07-18T14:59:30.875Z - Handled REQUEST_PROJECT_GRAPH. Handling time: 2. Response time: 3.
[NX v20.8.4 Daemon Server] - 2026-07-18T14:59:30.884Z - [REQUEST]: Responding to the client. handleContextFileData
[NX v20.8.4 Daemon Server] - 2026-07-18T14:59:30.884Z - Done responding to the client handleContextFileData
[NX v20.8.4 Daemon Server] - 2026-07-18T14:59:30.884Z - Handled GET_CONTEXT_FILE_DATA. Handling time: 1. Response time: 0.
[NX v20.8.4 Daemon Server] - 2026-07-18T15:00:23.224Z - Established a connection. Number of open connections: 2
[NX v20.8.4 Daemon Server] - 2026-07-18T15:00:23.225Z - Closed a connection. Number of open connections: 1
[NX v20.8.4 Daemon Server] - 2026-07-18T15:00:23.228Z - Established a connection. Number of open connections: 2
[NX v20.8.4 Daemon Server] - 2026-07-18T15:00:23.237Z - [REQUEST]: Client Request for Project Graph Received
[NX v20.8.4 Daemon Server] - 2026-07-18T15:00:23.238Z - [REQUEST]: Responding to the client. project-graph
[NX v20.8.4 Daemon Server] - 2026-07-18T15:00:23.239Z - Time taken for 'total for creating and serializing project graph' 1.0054999999701977ms
[NX v20.8.4 Daemon Server] - 2026-07-18T15:00:23.243Z - Done responding to the client project-graph
[NX v20.8.4 Daemon Server] - 2026-07-18T15:00:23.243Z - Handled REQUEST_PROJECT_GRAPH. Handling time: 1. Response time: 5.
[NX v20.8.4 Daemon Server] - 2026-07-18T15:00:23.263Z - [REQUEST]: Responding to the client. handleRunPreTasksExecution
[NX v20.8.4 Daemon Server] - 2026-07-18T15:00:23.263Z - Time taken for 'preTasksExecution' 1.7678999999770895ms
[NX v20.8.4 Daemon Server] - 2026-07-18T15:00:23.264Z - Done responding to the client handleRunPreTasksExecution
[NX v20.8.4 Daemon Server] - 2026-07-18T15:00:23.264Z - Handled PRE_TASKS_EXECUTION. Handling time: 2. Response time: 1.
[NX v20.8.4 Daemon Server] - 2026-07-18T15:00:23.373Z - [REQUEST]: Responding to the client. handleHashTasks
[NX v20.8.4 Daemon Server] - 2026-07-18T15:00:23.373Z - Done responding to the client handleHashTasks
[NX v20.8.4 Daemon Server] - 2026-07-18T15:00:23.373Z - Handled HASH_TASKS. Handling time: 20. Response time: 0.
[NX v20.8.4 Daemon Server] - 2026-07-18T15:00:23.436Z - [REQUEST]: Responding to the client. handleGetEstimatedTaskTimings
[NX v20.8.4 Daemon Server] - 2026-07-18T15:00:23.437Z - Done responding to the client handleGetEstimatedTaskTimings
[NX v20.8.4 Daemon Server] - 2026-07-18T15:00:23.437Z - Handled GET_ESTIMATED_TASK_TIMINGS. Handling time: 40. Response time: 1.
